{
  "version": "5",
  "hash": "",
  "state_change_hash": "",
  "event_root_hash": "",
  "state_checkpoint_hash": null,
  "gas_used": "6421",
  "success": false,
  "vm_status": "Transaction Executed and Committed with Error MODULE_ADDRESS_DOES_NOT_MATCH_SENDER",
  "accumulator_root_hash": "",
  "changes": [
    {
      "address": "0x34bf7e2d17674feb234371a7ea58efd715f0e56ba20ebf13789480d9d643afaf",
      "state_key_hash": "",
      "data": {
        "type": "0x1::account::Account",
        "data": {
          "authentication_key": "0x34bf7e2d17674feb234371a7ea58efd715f0e56ba20ebf13789480d9d643afaf",
          "coin_register_events": {
            "counter": "1",
            "guid": {
              "id": {
                "addr": "0x34bf7e2d17674feb234371a7ea58efd715f0e56ba20ebf13789480d9d643afaf",
                "creation_num": "0"
              }
            }
          },
          "guid_creation_num": "4",
          "key_rotation_events": {
            "counter": "0",
            "guid": {
              "id": {
                "addr": "0x34bf7e2d17674feb234371a7ea58efd715f0e56ba20ebf13789480d9d643afaf",
                "creation_num": "1"
              }
            }
          },
          "rotation_capability_offer": {
            "for": {
              "vec": []
            }
          },
          "sequence_number": "1",
          "signer_capability_offer": {
            "for": {
              "vec": []
            }
          }
        }
      },
      "type": "write_resource"
    }
  ],
  "sender": "0x34bf7e2d17674feb234371a7ea58efd715f0e56ba20ebf13789480d9d643afaf",
  "sequence_number": "0",
  "max_gas_amount": "1000000",
  "gas_unit_price": "0",
  "expiration_timestamp_secs": "1675901389",
  "payload": {
    "function": "0x1::code::publish_package_txn",
    "type_arguments": [],
    "arguments": [
      "0x125472616e736163746174696f6e546573747301000000000000000040384245454638364235333546423138303643424636373844354333444232363530303634443039463945413637354443363530413641363846313037373639339e011f8b08000000000002ff3d8d4b0ec2300c44f73945943d2d1c80051b4ed05d555556e2a0a8a913c5a180107727161fd99b99799a1933d8052e38298215f5519ba10031d80a35241a902b1bb561e1a624de77ed8c522338579019795248b53c667f253b7b08119d70f783500e339243b241c053ae89cfa52ddd52595add53c764214a71d7f59f0781766bdab0f73ff46bfeb5d12ff5066adb7501bb000000010466756e630000000300000000000000000000000000000000000000000000000000000000000000010e4170746f734672616d65776f726b00000000000000000000000000000000000000000000000000000000000000010b4170746f735374646c696200000000000000000000000000000000000000000000000000000000000000010a4d6f76655374646c696200",
      [
        "0xa11ceb0b060000000601000203020505070107080a0812200c321b00000001000000000466756e6304696e697400000000000000000000000000000000000000000000000000000000000000010001040000050601000000000000000600000000000000001a010200"
      ]
    ],
    "type": "entry_function_payload"
  },
  "signature": {
    "public_key": "0xd5a781494d2bf1a174ddffde1e02cb8881cff6dab70e61cbdef393deac0ce639",
    "signature": "0x4f1d62b4465f177fcab593cb8b098f1363ae22729043d4e8e2bfb83d72bf7146dcce72dcc0cc506a99726ca4d535610a012e831b48cdf12a31a803742da2f103",
    "type": "ed25519_signature"
  },
  "events": [],
  "timestamp": "1000000",
  "type": "user_transaction"
}
